// Jest Snapshot v1, https://goo.gl/fbAQLP

exports[`Timeline renders correctly 1`] = `
ShallowWrapper {
  "length": 1,
  Symbol(enzyme.__root__): [Circular],
  Symbol(enzyme.__unrendered__): <Timeline
    length={76}
    month={10}
/>,
  Symbol(enzyme.__renderer__): Object {
    "batchedUpdates": [Function],
    "getNode": [Function],
    "render": [Function],
    "simulateEvent": [Function],
    "unmount": [Function],
  },
  Symbol(enzyme.__node__): Object {
    "instance": null,
    "key": undefined,
    "nodeType": "host",
    "props": Object {
      "children": Array [
        <TimelineTabs
          geographicalWeightData={undefined}
/>,
        <input
          className="progress"
          max={76}
          min="0"
          onChange={undefined}
          type="range"
          value={10}
/>,
        <span
          className="field has-addons has-addons-centered"
>
          <a
                    className="button left"
                    id="previous"
                    onClick={undefined}
          >
                    <span
                              className="icon left"
                    >
                              <i
                                        className="fas fa-arrow-left left"
                              />
                    </span>
                    <span
                              className="left"
                    >
                              Previous month
                    </span>
          </a>
          <a
                    className="button right"
                    id="next"
                    onClick={undefined}
          >
                    <span
                              className="icon right"
                    >
                              <i
                                        className="fas fa-arrow-right right"
                              />
                    </span>
                    <span
                              className="right"
                    >
                              Next month
                    </span>
          </a>
</span>,
      ],
      "className": "tile is-child notification",
    },
    "ref": null,
    "rendered": Array [
      Object {
        "instance": null,
        "key": undefined,
        "nodeType": "class",
        "props": Object {
          "geographicalWeightData": undefined,
        },
        "ref": null,
        "rendered": null,
        "type": [Function],
      },
      Object {
        "instance": null,
        "key": undefined,
        "nodeType": "host",
        "props": Object {
          "className": "progress",
          "max": 76,
          "min": "0",
          "onChange": undefined,
          "type": "range",
          "value": 10,
        },
        "ref": null,
        "rendered": null,
        "type": "input",
      },
      Object {
        "instance": null,
        "key": undefined,
        "nodeType": "host",
        "props": Object {
          "children": Array [
            <a
              className="button left"
              id="previous"
              onClick={undefined}
>
              <span
                            className="icon left"
              >
                            <i
                                          className="fas fa-arrow-left left"
                            />
              </span>
              <span
                            className="left"
              >
                            Previous month
              </span>
</a>,
            <a
              className="button right"
              id="next"
              onClick={undefined}
>
              <span
                            className="icon right"
              >
                            <i
                                          className="fas fa-arrow-right right"
                            />
              </span>
              <span
                            className="right"
              >
                            Next month
              </span>
</a>,
          ],
          "className": "field has-addons has-addons-centered",
        },
        "ref": null,
        "rendered": Array [
          Object {
            "instance": null,
            "key": undefined,
            "nodeType": "host",
            "props": Object {
              "children": Array [
                <span
                  className="icon left"
>
                  <i
                                    className="fas fa-arrow-left left"
                  />
</span>,
                <span
                  className="left"
>
                  Previous month
</span>,
              ],
              "className": "button left",
              "id": "previous",
              "onClick": undefined,
            },
            "ref": null,
            "rendered": Array [
              Object {
                "instance": null,
                "key": undefined,
                "nodeType": "host",
                "props": Object {
                  "children": <i
                    className="fas fa-arrow-left left"
/>,
                  "className": "icon left",
                },
                "ref": null,
                "rendered": Object {
                  "instance": null,
                  "key": undefined,
                  "nodeType": "host",
                  "props": Object {
                    "className": "fas fa-arrow-left left",
                  },
                  "ref": null,
                  "rendered": null,
                  "type": "i",
                },
                "type": "span",
              },
              Object {
                "instance": null,
                "key": undefined,
                "nodeType": "host",
                "props": Object {
                  "children": "Previous month",
                  "className": "left",
                },
                "ref": null,
                "rendered": "Previous month",
                "type": "span",
              },
            ],
            "type": "a",
          },
          Object {
            "instance": null,
            "key": undefined,
            "nodeType": "host",
            "props": Object {
              "children": Array [
                <span
                  className="icon right"
>
                  <i
                                    className="fas fa-arrow-right right"
                  />
</span>,
                <span
                  className="right"
>
                  Next month
</span>,
              ],
              "className": "button right",
              "id": "next",
              "onClick": undefined,
            },
            "ref": null,
            "rendered": Array [
              Object {
                "instance": null,
                "key": undefined,
                "nodeType": "host",
                "props": Object {
                  "children": <i
                    className="fas fa-arrow-right right"
/>,
                  "className": "icon right",
                },
                "ref": null,
                "rendered": Object {
                  "instance": null,
                  "key": undefined,
                  "nodeType": "host",
                  "props": Object {
                    "className": "fas fa-arrow-right right",
                  },
                  "ref": null,
                  "rendered": null,
                  "type": "i",
                },
                "type": "span",
              },
              Object {
                "instance": null,
                "key": undefined,
                "nodeType": "host",
                "props": Object {
                  "children": "Next month",
                  "className": "right",
                },
                "ref": null,
                "rendered": "Next month",
                "type": "span",
              },
            ],
            "type": "a",
          },
        ],
        "type": "span",
      },
    ],
    "type": "article",
  },
  Symbol(enzyme.__nodes__): Array [
    Object {
      "instance": null,
      "key": undefined,
      "nodeType": "host",
      "props": Object {
        "children": Array [
          <TimelineTabs
            geographicalWeightData={undefined}
/>,
          <input
            className="progress"
            max={76}
            min="0"
            onChange={undefined}
            type="range"
            value={10}
/>,
          <span
            className="field has-addons has-addons-centered"
>
            <a
                        className="button left"
                        id="previous"
                        onClick={undefined}
            >
                        <span
                                    className="icon left"
                        >
                                    <i
                                                className="fas fa-arrow-left left"
                                    />
                        </span>
                        <span
                                    className="left"
                        >
                                    Previous month
                        </span>
            </a>
            <a
                        className="button right"
                        id="next"
                        onClick={undefined}
            >
                        <span
                                    className="icon right"
                        >
                                    <i
                                                className="fas fa-arrow-right right"
                                    />
                        </span>
                        <span
                                    className="right"
                        >
                                    Next month
                        </span>
            </a>
</span>,
        ],
        "className": "tile is-child notification",
      },
      "ref": null,
      "rendered": Array [
        Object {
          "instance": null,
          "key": undefined,
          "nodeType": "class",
          "props": Object {
            "geographicalWeightData": undefined,
          },
          "ref": null,
          "rendered": null,
          "type": [Function],
        },
        Object {
          "instance": null,
          "key": undefined,
          "nodeType": "host",
          "props": Object {
            "className": "progress",
            "max": 76,
            "min": "0",
            "onChange": undefined,
            "type": "range",
            "value": 10,
          },
          "ref": null,
          "rendered": null,
          "type": "input",
        },
        Object {
          "instance": null,
          "key": undefined,
          "nodeType": "host",
          "props": Object {
            "children": Array [
              <a
                className="button left"
                id="previous"
                onClick={undefined}
>
                <span
                                className="icon left"
                >
                                <i
                                                className="fas fa-arrow-left left"
                                />
                </span>
                <span
                                className="left"
                >
                                Previous month
                </span>
</a>,
              <a
                className="button right"
                id="next"
                onClick={undefined}
>
                <span
                                className="icon right"
                >
                                <i
                                                className="fas fa-arrow-right right"
                                />
                </span>
                <span
                                className="right"
                >
                                Next month
                </span>
</a>,
            ],
            "className": "field has-addons has-addons-centered",
          },
          "ref": null,
          "rendered": Array [
            Object {
              "instance": null,
              "key": undefined,
              "nodeType": "host",
              "props": Object {
                "children": Array [
                  <span
                    className="icon left"
>
                    <i
                                        className="fas fa-arrow-left left"
                    />
</span>,
                  <span
                    className="left"
>
                    Previous month
</span>,
                ],
                "className": "button left",
                "id": "previous",
                "onClick": undefined,
              },
              "ref": null,
              "rendered": Array [
                Object {
                  "instance": null,
                  "key": undefined,
                  "nodeType": "host",
                  "props": Object {
                    "children": <i
                      className="fas fa-arrow-left left"
/>,
                    "className": "icon left",
                  },
                  "ref": null,
                  "rendered": Object {
                    "instance": null,
                    "key": undefined,
                    "nodeType": "host",
                    "props": Object {
                      "className": "fas fa-arrow-left left",
                    },
                    "ref": null,
                    "rendered": null,
                    "type": "i",
                  },
                  "type": "span",
                },
                Object {
                  "instance": null,
                  "key": undefined,
                  "nodeType": "host",
                  "props": Object {
                    "children": "Previous month",
                    "className": "left",
                  },
                  "ref": null,
                  "rendered": "Previous month",
                  "type": "span",
                },
              ],
              "type": "a",
            },
            Object {
              "instance": null,
              "key": undefined,
              "nodeType": "host",
              "props": Object {
                "children": Array [
                  <span
                    className="icon right"
>
                    <i
                                        className="fas fa-arrow-right right"
                    />
</span>,
                  <span
                    className="right"
>
                    Next month
</span>,
                ],
                "className": "button right",
                "id": "next",
                "onClick": undefined,
              },
              "ref": null,
              "rendered": Array [
                Object {
                  "instance": null,
                  "key": undefined,
                  "nodeType": "host",
                  "props": Object {
                    "children": <i
                      className="fas fa-arrow-right right"
/>,
                    "className": "icon right",
                  },
                  "ref": null,
                  "rendered": Object {
                    "instance": null,
                    "key": undefined,
                    "nodeType": "host",
                    "props": Object {
                      "className": "fas fa-arrow-right right",
                    },
                    "ref": null,
                    "rendered": null,
                    "type": "i",
                  },
                  "type": "span",
                },
                Object {
                  "instance": null,
                  "key": undefined,
                  "nodeType": "host",
                  "props": Object {
                    "children": "Next month",
                    "className": "right",
                  },
                  "ref": null,
                  "rendered": "Next month",
                  "type": "span",
                },
              ],
              "type": "a",
            },
          ],
          "type": "span",
        },
      ],
      "type": "article",
    },
  ],
  Symbol(enzyme.__options__): Object {
    "adapter": ReactSixteenAdapter {
      "options": Object {
        "enableComponentDidUpdateOnSetState": true,
      },
    },
  },
}
`;
